==========================================
srewrite in BLACKBOARD-STRAT : 1 2 3 4 5 6 7 8 9 using maxmin .

Solution 1
rewrites: 258
result NzNat: 5

No more solutions.
rewrites: 258
==========================================
srewrite in BLACKBOARD-STRAT : 1 2 3 4 5 6 7 8 9 using maxmax .

Solution 1
rewrites: 241
result NzNat: 1

No more solutions.
rewrites: 241
==========================================
srewrite in BLACKBOARD-STRAT : 1 2 3 4 5 6 7 8 9 using minmin .

Solution 1
rewrites: 241
result NzNat: 8

No more solutions.
rewrites: 241
Bye.
