==========================================
srewrite in RELATION-STRATS : (1,10) (2,20) (10,1) using revert .

Solution 1
rewrites: 15
result Relation: (1,10) (10,1) (20,2)

No more solutions.
rewrites: 15
==========================================
srewrite in RELATION-STRATS : (1,2) (2,3) (5,6) using trans .

Solution 1
rewrites: 25
result Relation: (1,2) (1,3) (2,3) (5,6)

No more solutions.
rewrites: 25
==========================================
srewrite in RELATION-STRATS : (1,2) (2,3) (3,5) (6,7) using dominoes .

Solution 1
rewrites: 16
result Relation: (1,5) (6,7)

No more solutions.
rewrites: 16
==========================================
srewrite in RELATION-STRATS : (1,2) (2,3) (3,4) (3,5) (5,6) (7,1) using remove(
    1) .

Solution 1
rewrites: 8
result Entry: (7,1)

No more solutions.
rewrites: 8
Bye.
