==========================================
srewrite in RIVER-CHECK : initial using safe .

Solution 1
rewrites: 33
result River: left | shepherd wolf goat cabbage right

No more solutions.
rewrites: 33
==========================================
srewrite in RIVER-CHECK : initial using eagerEating .

Solution 1
rewrites: 71
result River: left | shepherd wolf goat cabbage right

No more solutions.
rewrites: 71
Bye.
